[2026-06-01 16:03:31] 自动化守护 Agent 已激活上线，PID=12208
[2026-06-01 16:03:31] 监控目标: http://127.0.0.1:8080/，检测间隔: 10s
[2026-06-01 16:03:31] [警告] Web 服务不可用，状态码: 000。准备自愈...
[2026-06-01 16:03:31] [自愈成功] Flask 已重启，新 PID=12218
[2026-06-01 16:03:41] [正常] 服务运行中，HTTP 200
[2026-06-01 16:03:51] [正常] 服务运行中，HTTP 200
[2026-06-01 16:04:01] [正常] 服务运行中，HTTP 200
[2026-06-01 16:04:11] [正常] 服务运行中，HTTP 200
[2026-06-01 16:04:21] [正常] 服务运行中，HTTP 200
[2026-06-01 16:04:31] [正常] 服务运行中，HTTP 200
[2026-06-01 16:04:41] [正常] 服务运行中，HTTP 200
[2026-06-01 16:04:51] [正常] 服务运行中，HTTP 200
[2026-06-01 16:05:01] [正常] 服务运行中，HTTP 200
[2026-06-01 16:05:12] [正常] 服务运行中，HTTP 200
[2026-06-01 16:05:22] [正常] 服务运行中，HTTP 200
[2026-06-01 16:05:32] [正常] 服务运行中，HTTP 200
[2026-06-01 16:05:42] [正常] 服务运行中，HTTP 200
[2026-06-01 16:05:52] [正常] 服务运行中，HTTP 200
[2026-06-01 16:06:02] [正常] 服务运行中，HTTP 200
[2026-06-01 16:06:12] [正常] 服务运行中，HTTP 200
[2026-06-01 16:06:22] [正常] 服务运行中，HTTP 200
[2026-06-01 16:06:32] [正常] 服务运行中，HTTP 200
[2026-06-01 16:06:42] [正常] 服务运行中，HTTP 200
[2026-06-01 16:06:52] [正常] 服务运行中，HTTP 200
[2026-06-01 16:07:02] [正常] 服务运行中，HTTP 200
[2026-06-01 16:07:12] [正常] 服务运行中，HTTP 200
[2026-06-01 16:07:22] [正常] 服务运行中，HTTP 200
[2026-06-01 16:07:32] [正常] 服务运行中，HTTP 200
[2026-06-01 16:07:42] [正常] 服务运行中，HTTP 200
[2026-06-01 16:07:52] [正常] 服务运行中，HTTP 200
[2026-06-01 16:08:02] [正常] 服务运行中，HTTP 200
[2026-06-01 16:08:12] [正常] 服务运行中，HTTP 200
[2026-06-01 16:08:22] [正常] 服务运行中，HTTP 200
[2026-06-01 16:08:32] [正常] 服务运行中，HTTP 200
[2026-06-01 16:08:42] [正常] 服务运行中，HTTP 200
[2026-06-01 16:08:52] [正常] 服务运行中，HTTP 200
[2026-06-01 16:09:02] [正常] 服务运行中，HTTP 200
[2026-06-01 16:09:12] [正常] 服务运行中，HTTP 200
[2026-06-01 16:09:22] [正常] 服务运行中，HTTP 200
[2026-06-01 16:09:32] [正常] 服务运行中，HTTP 200
[2026-06-01 16:09:42] [正常] 服务运行中，HTTP 200
[2026-06-01 16:09:52] [正常] 服务运行中，HTTP 200
[2026-06-01 16:10:02] [正常] 服务运行中，HTTP 200
[2026-06-01 16:10:12] [正常] 服务运行中，HTTP 200
[2026-06-01 16:10:22] [正常] 服务运行中，HTTP 200
[2026-06-01 16:10:32] [正常] 服务运行中，HTTP 200
[2026-06-01 16:10:42] [正常] 服务运行中，HTTP 200
[2026-06-01 16:10:52] [正常] 服务运行中，HTTP 200
[2026-06-01 16:11:02] [正常] 服务运行中，HTTP 200
[2026-06-01 16:11:12] [正常] 服务运行中，HTTP 200
[2026-06-01 16:11:22] [正常] 服务运行中，HTTP 200
[2026-06-01 16:11:32] [正常] 服务运行中，HTTP 200
[2026-06-01 16:11:42] [正常] 服务运行中，HTTP 200
[2026-06-01 16:11:52] [正常] 服务运行中，HTTP 200
[2026-06-01 16:12:02] [正常] 服务运行中，HTTP 200
[2026-06-01 16:12:12] [正常] 服务运行中，HTTP 200
[2026-06-01 16:12:22] [正常] 服务运行中，HTTP 200
[2026-06-01 16:12:32] [正常] 服务运行中，HTTP 200
[2026-06-01 16:12:42] [正常] 服务运行中，HTTP 200
[2026-06-01 16:12:52] [正常] 服务运行中，HTTP 200
[2026-06-01 16:13:02] [正常] 服务运行中，HTTP 200
[2026-06-01 16:13:12] [正常] 服务运行中，HTTP 200
[2026-06-01 16:13:22] [正常] 服务运行中，HTTP 200
[2026-06-01 16:13:32] [正常] 服务运行中，HTTP 200
[2026-06-01 16:13:42] [正常] 服务运行中，HTTP 200
[2026-06-01 16:13:52] [正常] 服务运行中，HTTP 200
[2026-06-01 16:14:02] [正常] 服务运行中，HTTP 200
[2026-06-01 16:14:12] [正常] 服务运行中，HTTP 200
[2026-06-01 16:14:22] [正常] 服务运行中，HTTP 200
[2026-06-01 16:14:32] [正常] 服务运行中，HTTP 200
[2026-06-01 16:14:42] [正常] 服务运行中，HTTP 200
[2026-06-01 16:14:52] [正常] 服务运行中，HTTP 200
[2026-06-01 16:15:02] [正常] 服务运行中，HTTP 200
[2026-06-01 16:15:12] [正常] 服务运行中，HTTP 200
[2026-06-01 16:15:22] [正常] 服务运行中，HTTP 200
[2026-06-01 16:15:32] [正常] 服务运行中，HTTP 200
[2026-06-01 16:15:42] [正常] 服务运行中，HTTP 200
[2026-06-01 16:15:52] [正常] 服务运行中，HTTP 200
[2026-06-01 16:16:02] [正常] 服务运行中，HTTP 200
[2026-06-01 16:16:12] [正常] 服务运行中，HTTP 200
[2026-06-01 16:16:22] [正常] 服务运行中，HTTP 200
[2026-06-01 16:16:32] [正常] 服务运行中，HTTP 200
[2026-06-01 16:16:42] [正常] 服务运行中，HTTP 200
[2026-06-01 16:16:52] [正常] 服务运行中，HTTP 200
[2026-06-01 16:17:02] [正常] 服务运行中，HTTP 200
[2026-06-01 16:17:12] [正常] 服务运行中，HTTP 200
[2026-06-01 16:17:23] [正常] 服务运行中，HTTP 200
[2026-06-01 16:17:33] [正常] 服务运行中，HTTP 200
[2026-06-01 16:17:43] [正常] 服务运行中，HTTP 200
[2026-06-01 16:17:53] [正常] 服务运行中，HTTP 200
[2026-06-01 16:18:03] [正常] 服务运行中，HTTP 200
[2026-06-01 16:18:13] [正常] 服务运行中，HTTP 200
[2026-06-01 16:18:23] [正常] 服务运行中，HTTP 200
[2026-06-01 16:18:33] [正常] 服务运行中，HTTP 200
[2026-06-01 16:18:43] [正常] 服务运行中，HTTP 200
[2026-06-01 16:18:53] [正常] 服务运行中，HTTP 200
[2026-06-01 16:19:03] [正常] 服务运行中，HTTP 200
[2026-06-01 16:19:13] [正常] 服务运行中，HTTP 200
[2026-06-01 16:19:23] [正常] 服务运行中，HTTP 200
[2026-06-01 16:19:33] [正常] 服务运行中，HTTP 200
[2026-06-01 16:19:43] [正常] 服务运行中，HTTP 200
[2026-06-01 16:19:53] [正常] 服务运行中，HTTP 200
[2026-06-01 16:20:03] [正常] 服务运行中，HTTP 200
[2026-06-01 16:20:13] [正常] 服务运行中，HTTP 200
[2026-06-01 16:20:23] [正常] 服务运行中，HTTP 200
[2026-06-01 16:20:33] [正常] 服务运行中，HTTP 200
[2026-06-01 16:20:43] [正常] 服务运行中，HTTP 200
[2026-06-01 16:20:53] [正常] 服务运行中，HTTP 200
[2026-06-01 16:21:03] [正常] 服务运行中，HTTP 200
[2026-06-01 16:21:13] [正常] 服务运行中，HTTP 200
[2026-06-01 16:21:23] [正常] 服务运行中，HTTP 200
[2026-06-01 16:21:33] [正常] 服务运行中，HTTP 200
[2026-06-01 16:21:43] [正常] 服务运行中，HTTP 200
[2026-06-01 16:21:53] [正常] 服务运行中，HTTP 200
[2026-06-01 16:22:03] [正常] 服务运行中，HTTP 200
[2026-06-01 16:22:13] [正常] 服务运行中，HTTP 200
[2026-06-01 16:22:23] [正常] 服务运行中，HTTP 200
[2026-06-01 16:22:33] [正常] 服务运行中，HTTP 200
[2026-06-01 16:22:43] [正常] 服务运行中，HTTP 200
[2026-06-01 16:22:53] [正常] 服务运行中，HTTP 200
[2026-06-01 16:23:03] [正常] 服务运行中，HTTP 200
[2026-06-01 16:23:13] [正常] 服务运行中，HTTP 200
[2026-06-01 16:23:23] [正常] 服务运行中，HTTP 200
[2026-06-01 16:23:33] [正常] 服务运行中，HTTP 200
[2026-06-01 16:23:43] [正常] 服务运行中，HTTP 200
[2026-06-01 16:23:53] [正常] 服务运行中，HTTP 200
[2026-06-01 16:24:03] [正常] 服务运行中，HTTP 200
[2026-06-01 16:24:13] [正常] 服务运行中，HTTP 200
[2026-06-01 16:24:23] [正常] 服务运行中，HTTP 200
[2026-06-01 16:24:33] [正常] 服务运行中，HTTP 200
[2026-06-01 16:24:43] [正常] 服务运行中，HTTP 200
[2026-06-01 16:24:53] [正常] 服务运行中，HTTP 200
[2026-06-01 16:25:03] [正常] 服务运行中，HTTP 200
[2026-06-01 16:25:13] [正常] 服务运行中，HTTP 200
[2026-06-01 16:25:23] [正常] 服务运行中，HTTP 200
[2026-06-01 16:25:33] [正常] 服务运行中，HTTP 200
[2026-06-01 16:25:43] [正常] 服务运行中，HTTP 200
[2026-06-01 16:25:53] [正常] 服务运行中，HTTP 200
[2026-06-01 16:26:03] [正常] 服务运行中，HTTP 200
[2026-06-01 16:26:13] [正常] 服务运行中，HTTP 200
[2026-06-01 16:26:23] [正常] 服务运行中，HTTP 200
[2026-06-01 16:26:33] [正常] 服务运行中，HTTP 200
[2026-06-01 16:26:43] [正常] 服务运行中，HTTP 200
[2026-06-01 16:26:53] [正常] 服务运行中，HTTP 200
[2026-06-01 16:27:03] [正常] 服务运行中，HTTP 200
[2026-06-01 16:27:13] [正常] 服务运行中，HTTP 200
[2026-06-01 16:27:23] [正常] 服务运行中，HTTP 200
[2026-06-01 16:27:33] [正常] 服务运行中，HTTP 200
[2026-06-01 16:27:43] [正常] 服务运行中，HTTP 200
[2026-06-01 16:27:53] [正常] 服务运行中，HTTP 200
[2026-06-01 16:28:03] [正常] 服务运行中，HTTP 200
[2026-06-01 16:28:13] [正常] 服务运行中，HTTP 200
[2026-06-01 16:28:23] [正常] 服务运行中，HTTP 200
[2026-06-01 16:28:33] [正常] 服务运行中，HTTP 200
[2026-06-01 16:28:43] [正常] 服务运行中，HTTP 200
[2026-06-01 16:28:53] [正常] 服务运行中，HTTP 200
[2026-06-01 16:29:03] [正常] 服务运行中，HTTP 200
[2026-06-01 16:29:13] [正常] 服务运行中，HTTP 200
[2026-06-01 16:29:23] [正常] 服务运行中，HTTP 200
